../Src/main.c:49:20:pin_mode_input_pullup	16	static
../Src/main.c:56:20:pin_mode_output_od	16	static
../Src/main.c:73:20:gpio_write_od	16	static
../Src/main.c:81:19:gpio_read	16	static
../Src/main.c:87:20:delay_cycles	16	static,ignoring_inline_asm
../Src/main.c:90:20:i2c_half_delay	8	static
../Src/main.c:93:13:i2c_init_pins	8	static
../Src/main.c:102:13:i2c_start	8	static
../Src/main.c:112:13:i2c_stop	8	static
../Src/main.c:122:12:i2c_write_byte	24	static
../Src/main.c:143:13:ssd1306_cmd	16	static
../Src/main.c:151:13:ssd1306_cmd2	16	static
../Src/main.c:161:13:ssd1306_init	8	static
../Src/main.c:186:13:fb_clear	16	static
../Src/main.c:190:13:fb_set_pixel	32	static
../Src/main.c:198:13:fb_fill_rect	32	static
../Src/main.c:219:13:fb_draw_digit	40	static
../Src/main.c:229:13:fb_draw_number	56	static
../Src/main.c:238:13:ssd1306_flush_fb	16	static
../Src/main.c:257:19:button_pressed	4	static
../Src/main.c:264:6:SysTick_Handler	4	static
../Src/main.c:265:13:delay_ms	24	static
../Src/main.c:273:17:xorshift32	16	static
../Src/main.c:288:13:pipe_reset	24	static
../Src/main.c:297:12:pipe_collide	24	static
../Src/main.c:307:13:draw_pipe	32	static
../Src/main.c:318:13:draw_dot	24	static
../Src/main.c:324:5:main	72	static
